// Jest Snapshot v1, https://goo.gl/fbAQLP

exports[`ForecastDetails renders correctly 1`] = `
<DocumentFragment>
  <div
    class="forecast-details"
  />
</DocumentFragment>
`;
